5.182.32.40 - nick450 [13/Mar/2023:10:08:19 +0000] "GET /transact/delete_transaction?transaction_id=151 HTTP/1.1" 302 207 "https://nick450.pythonanywhere.com/transact/?income_expense=Both&date=March&account=All&category=Dining&date_start=&date_end=" "Mozilla/5.0 (X11; Ubuntu; Linux x86_64; rv:109.0) Gecko/20100101 Firefox/110.0" "5.182.32.40" response-time=0.273
5.182.32.40 - nick450 [13/Mar/2023:10:08:19 +0000] "GET /transact/ HTTP/1.1" 200 16257 "https://nick450.pythonanywhere.com/transact/?income_expense=Both&date=March&account=All&category=Dining&date_start=&date_end=" "Mozilla/5.0 (X11; Ubuntu; Linux x86_64; rv:109.0) Gecko/20100101 Firefox/110.0" "5.182.32.40" response-time=0.111
5.182.32.40 - nick450 [13/Mar/2023:10:08:19 +0000] "GET /static/transactions.js HTTP/1.1" 304 0 "https://nick450.pythonanywhere.com/transact/" "Mozilla/5.0 (X11; Ubuntu; Linux x86_64; rv:109.0) Gecko/20100101 Firefox/110.0" "5.182.32.40" response-time=0.002
5.182.32.40 - nick450 [13/Mar/2023:10:08:19 +0000] "GET /static/favicon.ico HTTP/1.1" 200 198 "https://nick450.pythonanywhere.com/transact/" "Mozilla/5.0 (X11; Ubuntu; Linux x86_64; rv:109.0) Gecko/20100101 Firefox/110.0" "5.182.32.40" response-time=0.002
5.182.32.40 - nick450 [13/Mar/2023:10:08:25 +0000] "GET /transact/delete_transaction?transaction_id=152 HTTP/1.1" 302 207 "https://nick450.pythonanywhere.com/transact/" "Mozilla/5.0 (X11; Ubuntu; Linux x86_64; rv:109.0) Gecko/20100101 Firefox/110.0" "5.182.32.40" response-time=0.266
5.182.32.40 - nick450 [13/Mar/2023:10:08:25 +0000] "GET /transact/ HTTP/1.1" 200 15929 "https://nick450.pythonanywhere.com/transact/" "Mozilla/5.0 (X11; Ubuntu; Linux x86_64; rv:109.0) Gecko/20100101 Firefox/110.0" "5.182.32.40" response-time=0.111
5.182.32.40 - nick450 [13/Mar/2023:10:08:25 +0000] "GET /static/transactions.js HTTP/1.1" 304 0 "https://nick450.pythonanywhere.com/transact/" "Mozilla/5.0 (X11; Ubuntu; Linux x86_64; rv:109.0) Gecko/20100101 Firefox/110.0" "5.182.32.40" response-time=0.002
5.182.32.40 - nick450 [13/Mar/2023:10:08:41 +0000] "GET /transact/delete_transaction?transaction_id=153 HTTP/1.1" 302 207 "https://nick450.pythonanywhere.com/transact/" "Mozilla/5.0 (X11; Ubuntu; Linux x86_64; rv:109.0) Gecko/20100101 Firefox/110.0" "5.182.32.40" response-time=0.243
5.182.32.40 - nick450 [13/Mar/2023:10:08:41 +0000] "GET /transact/ HTTP/1.1" 200 15598 "https://nick450.pythonanywhere.com/transact/" "Mozilla/5.0 (X11; Ubuntu; Linux x86_64; rv:109.0) Gecko/20100101 Firefox/110.0" "5.182.32.40" response-time=0.148
5.182.32.40 - nick450 [13/Mar/2023:10:08:42 +0000] "GET /static/transactions.js HTTP/1.1" 304 0 "https://nick450.pythonanywhere.com/transact/" "Mozilla/5.0 (X11; Ubuntu; Linux x86_64; rv:109.0) Gecko/20100101 Firefox/110.0" "5.182.32.40" response-time=0.002
5.182.32.40 - nick450 [13/Mar/2023:10:08:42 +0000] "GET /static/favicon.ico HTTP/1.1" 200 198 "https://nick450.pythonanywhere.com/transact/" "Mozilla/5.0 (X11; Ubuntu; Linux x86_64; rv:109.0) Gecko/20100101 Firefox/110.0" "5.182.32.40" response-time=0.002
5.182.32.40 - nick450 [13/Mar/2023:10:08:48 +0000] "GET /transact/delete_transaction?transaction_id=154 HTTP/1.1" 302 207 "https://nick450.pythonanywhere.com/transact/" "Mozilla/5.0 (X11; Ubuntu; Linux x86_64; rv:109.0) Gecko/20100101 Firefox/110.0" "5.182.32.40" response-time=0.385
5.182.32.40 - nick450 [13/Mar/2023:10:08:48 +0000] "GET /transact/ HTTP/1.1" 200 15271 "https://nick450.pythonanywhere.com/transact/" "Mozilla/5.0 (X11; Ubuntu; Linux x86_64; rv:109.0) Gecko/20100101 Firefox/110.0" "5.182.32.40" response-time=0.162
5.182.32.40 - nick450 [13/Mar/2023:10:08:48 +0000] "GET /static/transactions.js HTTP/1.1" 304 0 "https://nick450.pythonanywhere.com/transact/" "Mozilla/5.0 (X11; Ubuntu; Linux x86_64; rv:109.0) Gecko/20100101 Firefox/110.0" "5.182.32.40" response-time=0.002
5.182.32.40 - nick450 [13/Mar/2023:10:08:59 +0000] "GET /transact/?income_expense=Both&date=March&account=All&category=Grocery&date_start=&date_end= HTTP/1.1" 200 7594 "https://nick450.pythonanywhere.com/transact/" "Mozilla/5.0 (X11; Ubuntu; Linux x86_64; rv:109.0) Gecko/20100101 Firefox/110.0" "5.182.32.40" response-time=0.166
5.182.32.40 - nick450 [13/Mar/2023:10:08:59 +0000] "GET /static/transactions.js HTTP/1.1" 304 0 "https://nick450.pythonanywhere.com/transact/?income_expense=Both&date=March&account=All&category=Grocery&date_start=&date_end=" "Mozilla/5.0 (X11; Ubuntu; Linux x86_64; rv:109.0) Gecko/20100101 Firefox/110.0" "5.182.32.40" response-time=0.001
5.182.32.40 - nick450 [13/Mar/2023:10:08:59 +0000] "GET /static/favicon.ico HTTP/1.1" 499 0 "https://nick450.pythonanywhere.com/transact/?income_expense=Both&date=March&account=All&category=Grocery&date_start=&date_end=" "Mozilla/5.0 (X11; Ubuntu; Linux x86_64; rv:109.0) Gecko/20100101 Firefox/110.0" "5.182.32.40" response-time=0.001
5.182.32.40 - nick450 [13/Mar/2023:10:09:22 +0000] "POST /transact/update_transaction?transaction_id=774 HTTP/1.1" 302 207 "https://nick450.pythonanywhere.com/transact/?income_expense=Both&date=March&account=All&category=Grocery&date_start=&date_end=" "Mozilla/5.0 (X11; Ubuntu; Linux x86_64; rv:109.0) Gecko/20100101 Firefox/110.0" "5.182.32.40" response-time=0.157
5.182.32.40 - nick450 [13/Mar/2023:10:09:22 +0000] "GET /transact/ HTTP/1.1" 200 7597 "https://nick450.pythonanywhere.com/transact/?income_expense=Both&date=March&account=All&category=Grocery&date_start=&date_end=" "Mozilla/5.0 (X11; Ubuntu; Linux x86_64; rv:109.0) Gecko/20100101 Firefox/110.0" "5.182.32.40" response-time=0.102
5.182.32.40 - nick450 [13/Mar/2023:10:09:22 +0000] "GET /static/transactions.js HTTP/1.1" 304 0 "https://nick450.pythonanywhere.com/transact/" "Mozilla/5.0 (X11; Ubuntu; Linux x86_64; rv:109.0) Gecko/20100101 Firefox/110.0" "5.182.32.40" response-time=0.005
5.182.32.40 - nick450 [13/Mar/2023:10:09:22 +0000] "GET /static/favicon.ico HTTP/1.1" 200 198 "https://nick450.pythonanywhere.com/transact/" "Mozilla/5.0 (X11; Ubuntu; Linux x86_64; rv:109.0) Gecko/20100101 Firefox/110.0" "5.182.32.40" response-time=0.002
174.131.150.10 - - [13/Mar/2023:12:57:27 +0000] "GET /transact/?income_expense=Both&date=March&account=All&category=All&date_start=&date_end= HTTP/1.1" 401 22 "https://nick450.pythonanywhere.com/transact/" "Mozilla/5.0 (Windows NT 10.0; Win64; x64; rv:109.0) Gecko/20100101 Firefox/110.0" "174.131.150.10" response-time=0.002
174.131.150.10 - nick450 [13/Mar/2023:12:57:31 +0000] "GET /transact/?income_expense=Both&date=March&account=All&category=All&date_start=&date_end= HTTP/1.1" 200 32823 "https://nick450.pythonanywhere.com/transact/" "Mozilla/5.0 (Windows NT 10.0; Win64; x64; rv:109.0) Gecko/20100101 Firefox/110.0" "174.131.150.10" response-time=1.182
174.131.150.10 - - [13/Mar/2023:12:57:31 +0000] "GET /static/index.js HTTP/1.1" 401 22 "https://nick450.pythonanywhere.com/transact/?income_expense=Both&date=March&account=All&category=All&date_start=&date_end=" "Mozilla/5.0 (Windows NT 10.0; Win64; x64; rv:109.0) Gecko/20100101 Firefox/110.0" "174.131.150.10" response-time=0.005
174.131.150.10 - - [13/Mar/2023:12:57:31 +0000] "GET /static/transactions.js HTTP/1.1" 401 22 "https://nick450.pythonanywhere.com/transact/?income_expense=Both&date=March&account=All&category=All&date_start=&date_end=" "Mozilla/5.0 (Windows NT 10.0; Win64; x64; rv:109.0) Gecko/20100101 Firefox/110.0" "174.131.150.10" response-time=0.001
174.131.150.10 - nick450 [13/Mar/2023:12:57:31 +0000] "GET /static/index.js HTTP/1.1" 200 538 "https://nick450.pythonanywhere.com/transact/?income_expense=Both&date=March&account=All&category=All&date_start=&date_end=" "Mozilla/5.0 (Windows NT 10.0; Win64; x64; rv:109.0) Gecko/20100101 Firefox/110.0" "174.131.150.10" response-time=0.008
174.131.150.10 - nick450 [13/Mar/2023:12:57:31 +0000] "GET /static/transactions.js HTTP/1.1" 304 0 "https://nick450.pythonanywhere.com/transact/?income_expense=Both&date=March&account=All&category=All&date_start=&date_end=" "Mozilla/5.0 (Windows NT 10.0; Win64; x64; rv:109.0) Gecko/20100101 Firefox/110.0" "174.131.150.10" response-time=0.021
174.131.150.10 - nick450 [13/Mar/2023:12:57:32 +0000] "GET /static/favicon.ico HTTP/1.1" 200 198 "https://nick450.pythonanywhere.com/transact/?income_expense=Both&date=March&account=All&category=All&date_start=&date_end=" "Mozilla/5.0 (Windows NT 10.0; Win64; x64; rv:109.0) Gecko/20100101 Firefox/110.0" "174.131.150.10" response-time=0.004
192.145.117.17 - - [13/Mar/2023:15:58:38 +0000] "GET / HTTP/1.1" 401 22 "https://nick450.pythonanywhere.com/" "Mozilla/5.0 (Android 11; Mobile; rv:109.0) Gecko/110.0 Firefox/110.0" "192.145.117.17" response-time=0.003
192.145.117.17 - nick450 [13/Mar/2023:15:58:42 +0000] "GET / HTTP/1.1" 200 22024 "https://nick450.pythonanywhere.com/" "Mozilla/5.0 (Android 11; Mobile; rv:109.0) Gecko/110.0 Firefox/110.0" "192.145.117.17" response-time=3.006
192.145.117.17 - nick450 [13/Mar/2023:15:58:42 +0000] "GET /static/index.js HTTP/1.1" 200 538 "https://nick450.pythonanywhere.com/" "Mozilla/5.0 (Android 11; Mobile; rv:109.0) Gecko/110.0 Firefox/110.0" "192.145.117.17" response-time=0.010
192.145.117.17 - nick450 [13/Mar/2023:15:59:07 +0000] "GET /transact/ HTTP/1.1" 200 32823 "https://nick450.pythonanywhere.com/" "Mozilla/5.0 (Android 11; Mobile; rv:109.0) Gecko/110.0 Firefox/110.0" "192.145.117.17" response-time=0.149
192.145.117.17 - nick450 [13/Mar/2023:15:59:07 +0000] "GET /static/transactions.js HTTP/1.1" 304 0 "https://nick450.pythonanywhere.com/transact/" "Mozilla/5.0 (Android 11; Mobile; rv:109.0) Gecko/110.0 Firefox/110.0" "192.145.117.17" response-time=0.028
192.145.117.17 - nick450 [13/Mar/2023:15:59:33 +0000] "POST /transact/update_transaction?transaction_id=150 HTTP/1.1" 302 207 "https://nick450.pythonanywhere.com/transact/" "Mozilla/5.0 (Android 11; Mobile; rv:109.0) Gecko/110.0 Firefox/110.0" "192.145.117.17" response-time=0.184
192.145.117.17 - nick450 [13/Mar/2023:15:59:33 +0000] "GET /transact/ HTTP/1.1" 200 32835 "https://nick450.pythonanywhere.com/transact/" "Mozilla/5.0 (Android 11; Mobile; rv:109.0) Gecko/110.0 Firefox/110.0" "192.145.117.17" response-time=0.129
192.145.117.17 - nick450 [13/Mar/2023:15:59:33 +0000] "GET /static/transactions.js HTTP/1.1" 304 0 "https://nick450.pythonanywhere.com/transact/" "Mozilla/5.0 (Android 11; Mobile; rv:109.0) Gecko/110.0 Firefox/110.0" "192.145.117.17" response-time=0.002
140.82.115.105 - - [13/Mar/2023:16:47:42 +0000] "POST /update_server HTTP/1.1" 401 22 "-" "GitHub-Hookshot/bd1d775" "140.82.115.105" response-time=0.006
140.82.115.110 - - [13/Mar/2023:16:54:14 +0000] "POST /update_server HTTP/1.1" 401 22 "-" "GitHub-Hookshot/bd1d775" "140.82.115.110" response-time=0.001
140.82.115.248 - - [13/Mar/2023:16:58:45 +0000] "POST /update_server HTTP/1.1" 401 22 "-" "GitHub-Hookshot/bd1d775" "140.82.115.248" response-time=0.012
174.131.150.10 - - [13/Mar/2023:17:03:25 +0000] "GET / HTTP/1.1" 401 22 "https://nick450.pythonanywhere.com/transact/?income_expense=Both&date=March&account=All&category=All&date_start=&date_end=" "Mozilla/5.0 (Windows NT 10.0; Win64; x64; rv:109.0) Gecko/20100101 Firefox/110.0" "174.131.150.10" response-time=0.000
174.131.150.10 - nick450 [13/Mar/2023:17:03:27 +0000] "GET / HTTP/1.1" 200 22030 "https://nick450.pythonanywhere.com/transact/?income_expense=Both&date=March&account=All&category=All&date_start=&date_end=" "Mozilla/5.0 (Windows NT 10.0; Win64; x64; rv:109.0) Gecko/20100101 Firefox/110.0" "174.131.150.10" response-time=2.302
174.131.150.10 - nick450 [13/Mar/2023:17:03:28 +0000] "GET /static/index.js HTTP/1.1" 499 0 "https://nick450.pythonanywhere.com/" "Mozilla/5.0 (Windows NT 10.0; Win64; x64; rv:109.0) Gecko/20100101 Firefox/110.0" "174.131.150.10" response-time=0.004
140.82.115.34 - - [13/Mar/2023:17:05:46 +0000] "POST /update_server HTTP/1.1" 401 22 "-" "GitHub-Hookshot/bd1d775" "140.82.115.34" response-time=0.010
140.82.115.89 - - [13/Mar/2023:17:10:35 +0000] "POST /update_server HTTP/1.1" 404 207 "-" "GitHub-Hookshot/bd1d775" "140.82.115.89" response-time=0.016
140.82.115.31 - - [13/Mar/2023:17:12:08 +0000] "POST /update_server HTTP/1.1" 404 207 "-" "GitHub-Hookshot/bd1d775" "140.82.115.31" response-time=0.001
174.131.150.10 - nick450 [13/Mar/2023:17:12:47 +0000] "GET /update_server HTTP/1.1" 404 207 "-" "Mozilla/5.0 (Windows NT 10.0; Win64; x64; rv:109.0) Gecko/20100101 Firefox/110.0" "174.131.150.10" response-time=0.001
174.131.150.10 - nick450 [13/Mar/2023:17:12:47 +0000] "GET /favicon.ico HTTP/1.1" 404 207 "https://nick450.pythonanywhere.com/update_server" "Mozilla/5.0 (Windows NT 10.0; Win64; x64; rv:109.0) Gecko/20100101 Firefox/110.0" "174.131.150.10" response-time=0.001
174.131.150.10 - nick450 [13/Mar/2023:17:14:42 +0000] "GET /update_server HTTP/1.1" 404 207 "-" "Mozilla/5.0 (Windows NT 10.0; Win64; x64; rv:109.0) Gecko/20100101 Firefox/110.0" "174.131.150.10" response-time=0.010
174.131.150.10 - nick450 [13/Mar/2023:17:14:43 +0000] "GET /favicon.ico HTTP/1.1" 404 207 "https://nick450.pythonanywhere.com/update_server" "Mozilla/5.0 (Windows NT 10.0; Win64; x64; rv:109.0) Gecko/20100101 Firefox/110.0" "174.131.150.10" response-time=0.001
140.82.115.99 - - [13/Mar/2023:17:16:21 +0000] "POST /update_server HTTP/1.1" 404 207 "-" "GitHub-Hookshot/bd1d775" "140.82.115.99" response-time=0.002
174.131.150.10 - nick450 [13/Mar/2023:17:17:06 +0000] "GET /update_server HTTP/1.1" 405 153 "-" "Mozilla/5.0 (Windows NT 10.0; Win64; x64; rv:109.0) Gecko/20100101 Firefox/110.0" "174.131.150.10" response-time=0.014
174.131.150.10 - nick450 [13/Mar/2023:17:17:06 +0000] "GET /favicon.ico HTTP/1.1" 404 207 "https://nick450.pythonanywhere.com/update_server" "Mozilla/5.0 (Windows NT 10.0; Win64; x64; rv:109.0) Gecko/20100101 Firefox/110.0" "174.131.150.10" response-time=0.001
140.82.115.242 - - [13/Mar/2023:17:18:10 +0000] "POST /update_server HTTP/1.1" 200 35 "-" "GitHub-Hookshot/bd1d775" "140.82.115.242" response-time=1.187
140.82.115.40 - - [13/Mar/2023:17:23:35 +0000] "POST /update_server HTTP/1.1" 200 35 "-" "GitHub-Hookshot/bd1d775" "140.82.115.40" response-time=0.791
174.131.150.10 - nick450 [13/Mar/2023:17:23:48 +0000] "GET / HTTP/1.1" 200 22030 "https://nick450.pythonanywhere.com/transact/?income_expense=Both&date=March&account=All&category=All&date_start=&date_end=" "Mozilla/5.0 (Windows NT 10.0; Win64; x64; rv:109.0) Gecko/20100101 Firefox/110.0" "174.131.150.10" response-time=2.163
140.82.115.106 - - [13/Mar/2023:17:44:23 +0000] "POST /update_server HTTP/1.1" 200 35 "-" "GitHub-Hookshot/bd1d775" "140.82.115.106" response-time=1.488
174.131.150.10 - nick450 [13/Mar/2023:17:45:17 +0000] "GET / HTTP/1.1" 200 22036 "https://nick450.pythonanywhere.com/transact/?income_expense=Both&date=March&account=All&category=All&date_start=&date_end=" "Mozilla/5.0 (Windows NT 10.0; Win64; x64; rv:109.0) Gecko/20100101 Firefox/110.0" "174.131.150.10" response-time=3.295
140.82.115.242 - - [13/Mar/2023:17:49:20 +0000] "POST /update_server HTTP/1.1" 200 35 "-" "GitHub-Hookshot/bd1d775" "140.82.115.242" response-time=0.606
174.131.150.10 - nick450 [13/Mar/2023:17:54:33 +0000] "GET / HTTP/1.1" 200 22036 "https://nick450.pythonanywhere.com/transact/?income_expense=Both&date=March&account=All&category=All&date_start=&date_end=" "Mozilla/5.0 (Windows NT 10.0; Win64; x64; rv:109.0) Gecko/20100101 Firefox/110.0" "174.131.150.10" response-time=4.207
174.131.150.10 - nick450 [13/Mar/2023:17:54:33 +0000] "GET /static/index.js HTTP/1.1" 200 538 "https://nick450.pythonanywhere.com/" "Mozilla/5.0 (Windows NT 10.0; Win64; x64; rv:109.0) Gecko/20100101 Firefox/110.0" "174.131.150.10" response-time=0.029
140.82.115.86 - - [13/Mar/2023:17:57:06 +0000] "POST /update_server HTTP/1.1" 200 35 "-" "GitHub-Hookshot/bd1d775" "140.82.115.86" response-time=1.210
174.131.150.10 - nick450 [13/Mar/2023:17:57:30 +0000] "GET / HTTP/1.1" 200 22036 "https://nick450.pythonanywhere.com/transact/?income_expense=Both&date=March&account=All&category=All&date_start=&date_end=" "Mozilla/5.0 (Windows NT 10.0; Win64; x64; rv:109.0) Gecko/20100101 Firefox/110.0" "174.131.150.10" response-time=2.435
174.131.150.10 - nick450 [13/Mar/2023:17:58:20 +0000] "GET / HTTP/1.1" 200 22036 "https://nick450.pythonanywhere.com/transact/?income_expense=Both&date=March&account=All&category=All&date_start=&date_end=" "Mozilla/5.0 (Windows NT 10.0; Win64; x64; rv:109.0) Gecko/20100101 Firefox/110.0" "174.131.150.10" response-time=2.082
174.131.150.10 - nick450 [13/Mar/2023:17:58:51 +0000] "GET / HTTP/1.1" 200 22036 "https://nick450.pythonanywhere.com/transact/?income_expense=Both&date=March&account=All&category=All&date_start=&date_end=" "Mozilla/5.0 (Windows NT 10.0; Win64; x64; rv:109.0) Gecko/20100101 Firefox/110.0" "174.131.150.10" response-time=2.465
174.131.150.10 - nick450 [13/Mar/2023:17:58:51 +0000] "GET /static/favicon.ico HTTP/1.1" 200 198 "https://nick450.pythonanywhere.com/" "Mozilla/5.0 (Windows NT 10.0; Win64; x64; rv:109.0) Gecko/20100101 Firefox/110.0" "174.131.150.10" response-time=0.007
140.82.115.51 - - [13/Mar/2023:18:47:40 +0000] "POST /update_server HTTP/1.1" 401 22 "-" "GitHub-Hookshot/bd1d775" "140.82.115.51" response-time=0.003
174.131.150.10 - nick450 [13/Mar/2023:18:50:56 +0000] "GET / HTTP/1.1" 200 22036 "https://nick450.pythonanywhere.com/transact/?income_expense=Both&date=March&account=All&category=All&date_start=&date_end=" "Mozilla/5.0 (Windows NT 10.0; Win64; x64; rv:109.0) Gecko/20100101 Firefox/110.0" "174.131.150.10" response-time=3.702
140.82.115.86 - - [13/Mar/2023:19:05:26 +0000] "POST /update_server HTTP/1.1" 401 22 "-" "GitHub-Hookshot/bd1d775" "140.82.115.86" response-time=0.001
140.82.115.25 - - [13/Mar/2023:19:05:31 +0000] "POST /update_server HTTP/1.1" 401 22 "-" "GitHub-Hookshot/bd1d775" "140.82.115.25" response-time=0.000
140.82.115.57 - - [13/Mar/2023:19:06:38 +0000] "POST /update_server HTTP/1.1" 401 22 "-" "GitHub-Hookshot/bd1d775" "140.82.115.57" response-time=0.001
174.131.150.10 - nick450 [13/Mar/2023:19:07:00 +0000] "GET / HTTP/1.1" 200 22036 "https://nick450.pythonanywhere.com/transact/?income_expense=Both&date=March&account=All&category=All&date_start=&date_end=" "Mozilla/5.0 (Windows NT 10.0; Win64; x64; rv:109.0) Gecko/20100101 Firefox/110.0" "174.131.150.10" response-time=2.950
174.131.150.10 - nick450 [13/Mar/2023:19:11:24 +0000] "GET / HTTP/1.1" 200 22036 "https://nick450.pythonanywhere.com/transact/?income_expense=Both&date=March&account=All&category=All&date_start=&date_end=" "Mozilla/5.0 (Windows NT 10.0; Win64; x64; rv:109.0) Gecko/20100101 Firefox/110.0" "174.131.150.10" response-time=2.684
140.82.115.144 - - [13/Mar/2023:19:11:58 +0000] "POST /update_server HTTP/1.1" 401 22 "-" "GitHub-Hookshot/bd1d775" "140.82.115.144" response-time=0.001
140.82.115.240 - - [13/Mar/2023:19:16:00 +0000] "POST /update_server HTTP/1.1" 401 22 "-" "GitHub-Hookshot/bd1d775" "140.82.115.240" response-time=0.001
140.82.115.253 - - [13/Mar/2023:19:20:08 +0000] "POST /update_server HTTP/1.1" 401 22 "-" "GitHub-Hookshot/25438c2" "140.82.115.253" response-time=0.001
140.82.115.51 - - [13/Mar/2023:19:21:02 +0000] "POST /update_server HTTP/1.1" 401 22 "-" "GitHub-Hookshot/25438c2" "140.82.115.51" response-time=0.015
140.82.115.253 - - [13/Mar/2023:19:24:34 +0000] "POST /update_server HTTP/1.1" 401 22 "-" "GitHub-Hookshot/25438c2" "140.82.115.253" response-time=0.000
140.82.115.36 - - [13/Mar/2023:19:31:37 +0000] "POST /update_server HTTP/1.1" 401 22 "-" "GitHub-Hookshot/25438c2" "140.82.115.36" response-time=0.030
140.82.115.158 - - [13/Mar/2023:19:36:00 +0000] "POST /update_server HTTP/1.1" 200 35 "-" "GitHub-Hookshot/25438c2" "140.82.115.158" response-time=1.255
140.82.115.41 - - [13/Mar/2023:19:42:28 +0000] "POST /update_server HTTP/1.1" 200 35 "-" "GitHub-Hookshot/04af85a" "140.82.115.41" response-time=0.809
140.82.115.62 - - [13/Mar/2023:19:46:30 +0000] "POST /update_server HTTP/1.1" 200 35 "-" "GitHub-Hookshot/04af85a" "140.82.115.62" response-time=0.464
140.82.115.57 - - [13/Mar/2023:19:46:38 +0000] "POST /update_server HTTP/1.1" 200 35 "-" "GitHub-Hookshot/04af85a" "140.82.115.57" response-time=0.577
140.82.115.89 - - [13/Mar/2023:19:48:11 +0000] "POST /update_server HTTP/1.1" 200 35 "-" "GitHub-Hookshot/04af85a" "140.82.115.89" response-time=0.638
174.131.150.10 - nick450 [13/Mar/2023:19:48:51 +0000] "GET / HTTP/1.1" 200 22036 "https://nick450.pythonanywhere.com/transact/?income_expense=Both&date=March&account=All&category=All&date_start=&date_end=" "Mozilla/5.0 (Windows NT 10.0; Win64; x64; rv:109.0) Gecko/20100101 Firefox/110.0" "174.131.150.10" response-time=2.616
174.131.150.10 - nick450 [13/Mar/2023:19:48:51 +0000] "GET /static/index.js HTTP/1.1" 304 0 "https://nick450.pythonanywhere.com/" "Mozilla/5.0 (Windows NT 10.0; Win64; x64; rv:109.0) Gecko/20100101 Firefox/110.0" "174.131.150.10" response-time=0.000
174.131.150.10 - nick450 [13/Mar/2023:19:48:51 +0000] "GET /static/favicon.ico HTTP/1.1" 200 198 "https://nick450.pythonanywhere.com/" "Mozilla/5.0 (Windows NT 10.0; Win64; x64; rv:109.0) Gecko/20100101 Firefox/110.0" "174.131.150.10" response-time=0.007
5.182.32.99 - nick450 [13/Mar/2023:22:57:58 +0000] "GET /transact/ HTTP/1.1" 200 268279 "https://nick450.pythonanywhere.com/transact/?income_expense=Both&date=March&account=All&category=Grocery&date_start=&date_end=" "Mozilla/5.0 (X11; Ubuntu; Linux x86_64; rv:109.0) Gecko/20100101 Firefox/110.0" "5.182.32.99" response-time=1.948
5.182.32.99 - nick450 [13/Mar/2023:22:57:58 +0000] "GET /static/transactions.js HTTP/1.1" 200 1632 "https://nick450.pythonanywhere.com/transact/" "Mozilla/5.0 (X11; Ubuntu; Linux x86_64; rv:109.0) Gecko/20100101 Firefox/110.0" "5.182.32.99" response-time=0.030
5.182.32.99 - nick450 [13/Mar/2023:22:57:58 +0000] "GET /static/index.js HTTP/1.1" 304 0 "https://nick450.pythonanywhere.com/transact/" "Mozilla/5.0 (X11; Ubuntu; Linux x86_64; rv:109.0) Gecko/20100101 Firefox/110.0" "5.182.32.99" response-time=0.020
5.182.32.99 - nick450 [13/Mar/2023:22:57:59 +0000] "GET /static/favicon.ico HTTP/1.1" 200 198 "https://nick450.pythonanywhere.com/transact/" "Mozilla/5.0 (X11; Ubuntu; Linux x86_64; rv:109.0) Gecko/20100101 Firefox/110.0" "5.182.32.99" response-time=0.008
5.182.32.99 - nick450 [13/Mar/2023:22:58:56 +0000] "GET / HTTP/1.1" 200 22036 "https://nick450.pythonanywhere.com/transact/" "Mozilla/5.0 (X11; Ubuntu; Linux x86_64; rv:109.0) Gecko/20100101 Firefox/110.0" "5.182.32.99" response-time=2.344
5.182.32.99 - nick450 [13/Mar/2023:22:58:56 +0000] "GET /static/favicon.ico HTTP/1.1" 200 198 "https://nick450.pythonanywhere.com/" "Mozilla/5.0 (X11; Ubuntu; Linux x86_64; rv:109.0) Gecko/20100101 Firefox/110.0" "5.182.32.99" response-time=0.002
5.182.32.99 - nick450 [13/Mar/2023:22:59:01 +0000] "GET /transact/ HTTP/1.1" 200 268279 "https://nick450.pythonanywhere.com/" "Mozilla/5.0 (X11; Ubuntu; Linux x86_64; rv:109.0) Gecko/20100101 Firefox/110.0" "5.182.32.99" response-time=0.413
5.182.32.99 - nick450 [13/Mar/2023:22:59:02 +0000] "GET /static/transactions.js HTTP/1.1" 304 0 "https://nick450.pythonanywhere.com/transact/" "Mozilla/5.0 (X11; Ubuntu; Linux x86_64; rv:109.0) Gecko/20100101 Firefox/110.0" "5.182.32.99" response-time=0.003
5.182.32.99 - nick450 [13/Mar/2023:22:59:25 +0000] "GET /transact/?income_expense=Both&date=March&account=All&category=All&date_start=&date_end= HTTP/1.1" 200 32842 "https://nick450.pythonanywhere.com/transact/" "Mozilla/5.0 (X11; Ubuntu; Linux x86_64; rv:109.0) Gecko/20100101 Firefox/110.0" "5.182.32.99" response-time=0.123
5.182.32.99 - nick450 [13/Mar/2023:22:59:25 +0000] "GET /static/transactions.js HTTP/1.1" 304 0 "https://nick450.pythonanywhere.com/transact/?income_expense=Both&date=March&account=All&category=All&date_start=&date_end=" "Mozilla/5.0 (X11; Ubuntu; Linux x86_64; rv:109.0) Gecko/20100101 Firefox/110.0" "5.182.32.99" response-time=0.002
5.182.32.99 - nick450 [13/Mar/2023:22:59:25 +0000] "GET /static/favicon.ico HTTP/1.1" 200 198 "https://nick450.pythonanywhere.com/transact/?income_expense=Both&date=March&account=All&category=All&date_start=&date_end=" "Mozilla/5.0 (X11; Ubuntu; Linux x86_64; rv:109.0) Gecko/20100101 Firefox/110.0" "5.182.32.99" response-time=0.002
5.182.32.99 - nick450 [13/Mar/2023:23:00:20 +0000] "POST /transact/update_transaction?transaction_id=150 HTTP/1.1" 302 207 "https://nick450.pythonanywhere.com/transact/?income_expense=Both&date=March&account=All&category=All&date_start=&date_end=" "Mozilla/5.0 (X11; Ubuntu; Linux x86_64; rv:109.0) Gecko/20100101 Firefox/110.0" "5.182.32.99" response-time=0.197
5.182.32.99 - nick450 [13/Mar/2023:23:00:20 +0000] "GET /transact/ HTTP/1.1" 200 32870 "https://nick450.pythonanywhere.com/transact/?income_expense=Both&date=March&account=All&category=All&date_start=&date_end=" "Mozilla/5.0 (X11; Ubuntu; Linux x86_64; rv:109.0) Gecko/20100101 Firefox/110.0" "5.182.32.99" response-time=0.224
5.182.32.99 - nick450 [13/Mar/2023:23:00:21 +0000] "GET /static/transactions.js HTTP/1.1" 304 0 "https://nick450.pythonanywhere.com/transact/" "Mozilla/5.0 (X11; Ubuntu; Linux x86_64; rv:109.0) Gecko/20100101 Firefox/110.0" "5.182.32.99" response-time=0.003
5.182.32.99 - nick450 [13/Mar/2023:23:00:21 +0000] "GET /static/favicon.ico HTTP/1.1" 200 198 "https://nick450.pythonanywhere.com/transact/" "Mozilla/5.0 (X11; Ubuntu; Linux x86_64; rv:109.0) Gecko/20100101 Firefox/110.0" "5.182.32.99" response-time=0.002
5.182.32.99 - nick450 [13/Mar/2023:23:00:28 +0000] "POST /transact/update_transaction?transaction_id=150 HTTP/1.1" 302 207 "https://nick450.pythonanywhere.com/transact/" "Mozilla/5.0 (X11; Ubuntu; Linux x86_64; rv:109.0) Gecko/20100101 Firefox/110.0" "5.182.32.99" response-time=0.234
5.182.32.99 - nick450 [13/Mar/2023:23:00:29 +0000] "GET /transact/ HTTP/1.1" 200 32870 "https://nick450.pythonanywhere.com/transact/" "Mozilla/5.0 (X11; Ubuntu; Linux x86_64; rv:109.0) Gecko/20100101 Firefox/110.0" "5.182.32.99" response-time=0.252
5.182.32.99 - nick450 [13/Mar/2023:23:00:29 +0000] "GET /static/transactions.js HTTP/1.1" 304 0 "https://nick450.pythonanywhere.com/transact/" "Mozilla/5.0 (X11; Ubuntu; Linux x86_64; rv:109.0) Gecko/20100101 Firefox/110.0" "5.182.32.99" response-time=0.003
5.182.32.99 - nick450 [13/Mar/2023:23:00:37 +0000] "POST /transact/update_transaction?transaction_id=511 HTTP/1.1" 302 207 "https://nick450.pythonanywhere.com/transact/" "Mozilla/5.0 (X11; Ubuntu; Linux x86_64; rv:109.0) Gecko/20100101 Firefox/110.0" "5.182.32.99" response-time=0.208
5.182.32.99 - nick450 [13/Mar/2023:23:00:37 +0000] "GET /transact/ HTTP/1.1" 200 32868 "https://nick450.pythonanywhere.com/transact/" "Mozilla/5.0 (X11; Ubuntu; Linux x86_64; rv:109.0) Gecko/20100101 Firefox/110.0" "5.182.32.99" response-time=0.127
5.182.32.99 - nick450 [13/Mar/2023:23:00:37 +0000] "GET /static/transactions.js HTTP/1.1" 304 0 "https://nick450.pythonanywhere.com/transact/" "Mozilla/5.0 (X11; Ubuntu; Linux x86_64; rv:109.0) Gecko/20100101 Firefox/110.0" "5.182.32.99" response-time=0.002
5.182.32.99 - nick450 [13/Mar/2023:23:00:38 +0000] "GET /static/favicon.ico HTTP/1.1" 200 198 "https://nick450.pythonanywhere.com/transact/" "Mozilla/5.0 (X11; Ubuntu; Linux x86_64; rv:109.0) Gecko/20100101 Firefox/110.0" "5.182.32.99" response-time=0.002
5.182.32.99 - nick450 [13/Mar/2023:23:02:40 +0000] "POST /transact/update_transaction?transaction_id=680 HTTP/1.1" 302 207 "https://nick450.pythonanywhere.com/transact/" "Mozilla/5.0 (X11; Ubuntu; Linux x86_64; rv:109.0) Gecko/20100101 Firefox/110.0" "5.182.32.99" response-time=0.096
5.182.32.99 - nick450 [13/Mar/2023:23:02:40 +0000] "GET /transact/ HTTP/1.1" 200 32873 "https://nick450.pythonanywhere.com/transact/" "Mozilla/5.0 (X11; Ubuntu; Linux x86_64; rv:109.0) Gecko/20100101 Firefox/110.0" "5.182.32.99" response-time=0.171
5.182.32.99 - nick450 [13/Mar/2023:23:02:40 +0000] "GET /static/transactions.js HTTP/1.1" 304 0 "https://nick450.pythonanywhere.com/transact/" "Mozilla/5.0 (X11; Ubuntu; Linux x86_64; rv:109.0) Gecko/20100101 Firefox/110.0" "5.182.32.99" response-time=0.004
5.182.32.99 - nick450 [13/Mar/2023:23:02:47 +0000] "POST /transact/update_transaction?transaction_id=654 HTTP/1.1" 302 207 "https://nick450.pythonanywhere.com/transact/" "Mozilla/5.0 (X11; Ubuntu; Linux x86_64; rv:109.0) Gecko/20100101 Firefox/110.0" "5.182.32.99" response-time=0.081
5.182.32.99 - nick450 [13/Mar/2023:23:02:47 +0000] "GET /transact/ HTTP/1.1" 200 32873 "https://nick450.pythonanywhere.com/transact/" "Mozilla/5.0 (X11; Ubuntu; Linux x86_64; rv:109.0) Gecko/20100101 Firefox/110.0" "5.182.32.99" response-time=0.192
5.182.32.99 - nick450 [13/Mar/2023:23:02:48 +0000] "GET /static/transactions.js HTTP/1.1" 304 0 "https://nick450.pythonanywhere.com/transact/" "Mozilla/5.0 (X11; Ubuntu; Linux x86_64; rv:109.0) Gecko/20100101 Firefox/110.0" "5.182.32.99" response-time=0.002
5.182.32.99 - nick450 [13/Mar/2023:23:02:48 +0000] "GET /static/favicon.ico HTTP/1.1" 200 198 "https://nick450.pythonanywhere.com/transact/" "Mozilla/5.0 (X11; Ubuntu; Linux x86_64; rv:109.0) Gecko/20100101 Firefox/110.0" "5.182.32.99" response-time=0.003
5.182.32.99 - nick450 [13/Mar/2023:23:03:28 +0000] "POST /transact/update_transaction?transaction_id=523 HTTP/1.1" 302 207 "https://nick450.pythonanywhere.com/transact/" "Mozilla/5.0 (X11; Ubuntu; Linux x86_64; rv:109.0) Gecko/20100101 Firefox/110.0" "5.182.32.99" response-time=0.356
5.182.32.99 - nick450 [13/Mar/2023:23:03:28 +0000] "GET /transact/ HTTP/1.1" 200 32860 "https://nick450.pythonanywhere.com/transact/" "Mozilla/5.0 (X11; Ubuntu; Linux x86_64; rv:109.0) Gecko/20100101 Firefox/110.0" "5.182.32.99" response-time=0.214
5.182.32.99 - nick450 [13/Mar/2023:23:03:28 +0000] "GET /static/transactions.js HTTP/1.1" 304 0 "https://nick450.pythonanywhere.com/transact/" "Mozilla/5.0 (X11; Ubuntu; Linux x86_64; rv:109.0) Gecko/20100101 Firefox/110.0" "5.182.32.99" response-time=0.003
5.182.32.99 - nick450 [13/Mar/2023:23:03:29 +0000] "GET /static/favicon.ico HTTP/1.1" 200 198 "https://nick450.pythonanywhere.com/transact/" "Mozilla/5.0 (X11; Ubuntu; Linux x86_64; rv:109.0) Gecko/20100101 Firefox/110.0" "5.182.32.99" response-time=0.002
5.182.32.99 - nick450 [14/Mar/2023:10:37:26 +0000] "GET /transact/ HTTP/1.1" 200 268298 "https://nick450.pythonanywhere.com/transact/" "Mozilla/5.0 (X11; Ubuntu; Linux x86_64; rv:109.0) Gecko/20100101 Firefox/110.0" "5.182.32.99" response-time=8.519
5.182.32.99 - nick450 [14/Mar/2023:10:37:26 +0000] "GET /static/index.js HTTP/1.1" 304 0 "https://nick450.pythonanywhere.com/transact/" "Mozilla/5.0 (X11; Ubuntu; Linux x86_64; rv:109.0) Gecko/20100101 Firefox/110.0" "5.182.32.99" response-time=0.000
5.182.32.99 - nick450 [14/Mar/2023:10:37:26 +0000] "GET /static/transactions.js HTTP/1.1" 304 0 "https://nick450.pythonanywhere.com/transact/" "Mozilla/5.0 (X11; Ubuntu; Linux x86_64; rv:109.0) Gecko/20100101 Firefox/110.0" "5.182.32.99" response-time=0.009
5.182.32.99 - nick450 [14/Mar/2023:10:37:27 +0000] "GET /static/favicon.ico HTTP/1.1" 200 198 "https://nick450.pythonanywhere.com/transact/" "Mozilla/5.0 (X11; Ubuntu; Linux x86_64; rv:109.0) Gecko/20100101 Firefox/110.0" "5.182.32.99" response-time=0.004
5.182.32.99 - nick450 [14/Mar/2023:10:37:35 +0000] "GET /transact/?income_expense=Both&date=March&account=All&category=All&date_start=&date_end= HTTP/1.1" 200 32860 "https://nick450.pythonanywhere.com/transact/" "Mozilla/5.0 (X11; Ubuntu; Linux x86_64; rv:109.0) Gecko/20100101 Firefox/110.0" "5.182.32.99" response-time=0.191
5.182.32.99 - nick450 [14/Mar/2023:10:37:35 +0000] "GET /static/transactions.js HTTP/1.1" 304 0 "https://nick450.pythonanywhere.com/transact/?income_expense=Both&date=March&account=All&category=All&date_start=&date_end=" "Mozilla/5.0 (X11; Ubuntu; Linux x86_64; rv:109.0) Gecko/20100101 Firefox/110.0" "5.182.32.99" response-time=0.003
5.182.32.99 - nick450 [14/Mar/2023:10:37:36 +0000] "GET /static/favicon.ico HTTP/1.1" 200 198 "https://nick450.pythonanywhere.com/transact/?income_expense=Both&date=March&account=All&category=All&date_start=&date_end=" "Mozilla/5.0 (X11; Ubuntu; Linux x86_64; rv:109.0) Gecko/20100101 Firefox/110.0" "5.182.32.99" response-time=0.003
5.182.32.99 - nick450 [14/Mar/2023:10:37:47 +0000] "POST /transact/update_transaction?transaction_id=774 HTTP/1.1" 302 207 "https://nick450.pythonanywhere.com/transact/?income_expense=Both&date=March&account=All&category=All&date_start=&date_end=" "Mozilla/5.0 (X11; Ubuntu; Linux x86_64; rv:109.0) Gecko/20100101 Firefox/110.0" "5.182.32.99" response-time=0.180
5.182.32.99 - nick450 [14/Mar/2023:10:37:47 +0000] "GET /transact/ HTTP/1.1" 200 32858 "https://nick450.pythonanywhere.com/transact/?income_expense=Both&date=March&account=All&category=All&date_start=&date_end=" "Mozilla/5.0 (X11; Ubuntu; Linux x86_64; rv:109.0) Gecko/20100101 Firefox/110.0" "5.182.32.99" response-time=0.124
5.182.32.99 - nick450 [14/Mar/2023:10:37:47 +0000] "GET /static/transactions.js HTTP/1.1" 304 0 "https://nick450.pythonanywhere.com/transact/" "Mozilla/5.0 (X11; Ubuntu; Linux x86_64; rv:109.0) Gecko/20100101 Firefox/110.0" "5.182.32.99" response-time=0.003
5.182.32.99 - nick450 [14/Mar/2023:10:37:48 +0000] "GET /static/favicon.ico HTTP/1.1" 200 198 "https://nick450.pythonanywhere.com/transact/" "Mozilla/5.0 (X11; Ubuntu; Linux x86_64; rv:109.0) Gecko/20100101 Firefox/110.0" "5.182.32.99" response-time=0.003
5.182.32.99 - nick450 [14/Mar/2023:10:38:24 +0000] "POST /transact/update_transaction?transaction_id=148 HTTP/1.1" 302 207 "https://nick450.pythonanywhere.com/transact/" "Mozilla/5.0 (X11; Ubuntu; Linux x86_64; rv:109.0) Gecko/20100101 Firefox/110.0" "5.182.32.99" response-time=0.180
5.182.32.99 - nick450 [14/Mar/2023:10:38:25 +0000] "GET /transact/ HTTP/1.1" 200 32852 "https://nick450.pythonanywhere.com/transact/" "Mozilla/5.0 (X11; Ubuntu; Linux x86_64; rv:109.0) Gecko/20100101 Firefox/110.0" "5.182.32.99" response-time=0.154
5.182.32.99 - nick450 [14/Mar/2023:10:38:25 +0000] "GET /static/transactions.js HTTP/1.1" 304 0 "https://nick450.pythonanywhere.com/transact/" "Mozilla/5.0 (X11; Ubuntu; Linux x86_64; rv:109.0) Gecko/20100101 Firefox/110.0" "5.182.32.99" response-time=0.003
5.182.32.99 - nick450 [14/Mar/2023:10:38:25 +0000] "GET /static/favicon.ico HTTP/1.1" 200 198 "https://nick450.pythonanywhere.com/transact/" "Mozilla/5.0 (X11; Ubuntu; Linux x86_64; rv:109.0) Gecko/20100101 Firefox/110.0" "5.182.32.99" response-time=0.002
5.182.32.99 - nick450 [14/Mar/2023:10:40:05 +0000] "GET / HTTP/1.1" 200 22037 "https://nick450.pythonanywhere.com/transact/" "Mozilla/5.0 (X11; Ubuntu; Linux x86_64; rv:109.0) Gecko/20100101 Firefox/110.0" "5.182.32.99" response-time=3.108
5.182.32.99 - nick450 [14/Mar/2023:10:40:06 +0000] "GET /static/favicon.ico HTTP/1.1" 200 198 "https://nick450.pythonanywhere.com/" "Mozilla/5.0 (X11; Ubuntu; Linux x86_64; rv:109.0) Gecko/20100101 Firefox/110.0" "5.182.32.99" response-time=0.006
71.29.61.213 - - [14/Mar/2023:13:08:42 +0000] "GET / HTTP/1.1" 200 22037 "https://nick450.pythonanywhere.com/transact/?income_expense=Both&date=March&account=All&category=All&date_start=&date_end=" "Mozilla/5.0 (Windows NT 10.0; Win64; x64; rv:109.0) Gecko/20100101 Firefox/110.0" "71.29.61.213" response-time=2.353
71.29.61.213 - - [14/Mar/2023:13:08:42 +0000] "GET /static/index.js HTTP/1.1" 304 0 "https://nick450.pythonanywhere.com/" "Mozilla/5.0 (Windows NT 10.0; Win64; x64; rv:109.0) Gecko/20100101 Firefox/110.0" "71.29.61.213" response-time=0.003
140.82.115.100 - - [14/Mar/2023:13:09:27 +0000] "POST /update_server HTTP/1.1" 200 35 "-" "GitHub-Hookshot/1c3e42b" "140.82.115.100" response-time=0.637
140.82.115.255 - - [14/Mar/2023:14:20:01 +0000] "POST /update_server HTTP/1.1" 200 35 "-" "GitHub-Hookshot/1c3e42b" "140.82.115.255" response-time=0.557
